<html>
<body>
<pre>
<h1>礦ision Build Log</h1>
<h2>Tool Versions:</h2>
IDE-Version: μVision V5.36.0.0
Copyright (C) 2021 ARM Ltd and ARM Germany GmbH. All rights reserved.
License Information: 1 1067360038@qq.com, 1, LIC=03C6R-KZLQM-II75V-P2FZ3-91MV6-D5PQK
 
Tool Versions:
Toolchain:       MDK-ARM Plus  Version: 5.36.0.0
Toolchain Path:  D:\MDK5.36\ARM\ARMCLANG\Bin
C Compiler:      ArmClang.exe V6.16
Assembler:       Armasm.exe V6.16
Linker/Locator:  ArmLink.exe V6.16
Library Manager: ArmAr.exe V6.16
Hex Converter:   FromElf.exe V6.16
CPU DLL:         SARMCM3.DLL V5.36.0.0
Dialog DLL:      DCM.DLL V1.17.3.0
Target DLL:      CMSIS_AGDI.dll V1.33.0.0
Dialog DLL:      TCM.DLL V1.53.0.0
 
<h2>Project:</h2>
D:\STM32F10x_Templates\Firmware\trunk\STM32F10x-Templates\Project\STM32F10x_Templates.uvprojx
Project File Date:  01/12/2026

<h2>Output:</h2>
*** Using Compiler 'V6.16', folder: 'D:\MDK5.36\ARM\ARMCLANG\Bin'
Build target 'APP'
compiling DevicesADC.c...
compiling taskSystem.c...
linking...
Program Size: Code=37668 RO-data=904 RW-data=20 ZI-data=27948  
FromELF: creating hex file...
After Build - User command #1: D:\MDK5.36\\ARM\ARMCLANG\bin\fromelf.exe --bin --output=Bin\STM32F10x_Templates.bin .\Objects\STM32F10x_Templates.axf
After Build - User command #2: copy hex file.bat
D:\STM32F10x_Templates\Firmware\trunk\STM32F10x-Templates\Project>copy .\Objects\*.hex .\Bin 
.\Objects\STM32F10x_Templates.hex
已复制         1 个文件。
D:\STM32F10x_Templates\Firmware\trunk\STM32F10x-Templates\Project>?Bootloader 鍜?APP 鏂囦欢  
'?Bootloader' 不是内部或外部命令，也不是可运行的程序
或批处理文件。
D:\STM32F10x_Templates\Firmware\trunk\STM32F10x-Templates\Project>del .\Bin\Bootloader+APP.hex 
D:\STM32F10x_Templates\Firmware\trunk\STM32F10x-Templates\Project>copy /b ".\Bin\Boot_*.hex" + ".\Bin\parameter_M.hex" + ".\Bin\Bootloader_*.hex" + ".\Bin\STM32F10x_Templates.hex" ".\Bin\Bootloader+APP.hex" 
.\Bin\Boot_2026.hex
.\Bin\parameter_M.hex
.\Bin\Bootloader_2026.hex
.\Bin\STM32F10x_Templates.hex
已复制         1 个文件。
".\Objects\STM32F10x_Templates.axf" - 0 Error(s), 0 Warning(s).

<h2>Software Packages used:</h2>

Package Vendor: Keil
                http://www.keil.com/pack/Keil.STM32F1xx_DFP.2.3.0.pack
                Keil.STM32F1xx_DFP.2.3.0
                STMicroelectronics STM32F1 Series Device Support, Drivers and Examples

<h2>Collection of Component include folders:</h2>
  D:\MDK5.36\Packs\Keil\STM32F1xx_DFP\2.3.0\Device\Include

<h2>Collection of Component Files used:</h2>
Build Time Elapsed:  00:00:03
</pre>
</body>
</html>
