<html>
<body>
<pre>
<h1>礦ision Build Log</h1>
<h2>Tool Versions:</h2>
IDE-Version: μVision V5.36.0.0
Copyright (C) 2021 ARM Ltd and ARM Germany GmbH. All rights reserved.
License Information: 1 1067360038@qq.com, 1, LIC=03C6R-KZLQM-II75V-P2FZ3-91MV6-D5PQK
 
Tool Versions:
Toolchain:       MDK-ARM Plus  Version: 5.36.0.0
Toolchain Path:  D:\MDK5.36\ARM\ARMCLANG\Bin
C Compiler:      ArmClang.exe V6.16
Assembler:       Armasm.exe V6.16
Linker/Locator:  ArmLink.exe V6.16
Library Manager: ArmAr.exe V6.16
Hex Converter:   FromElf.exe V6.16
CPU DLL:         SARMCM3.DLL V5.36.0.0
Dialog DLL:      DCM.DLL V1.17.3.0
Target DLL:      CMSIS_AGDI.dll V1.33.0.0
Dialog DLL:      TCM.DLL V1.53.0.0
 
<h2>Project:</h2>
D:\STM32F10x_Templates\Firmware\trunk\STM32F10x-Templates\Project\STM32F10x_Templates.uvprojx
Project File Date:  01/12/2026

<h2>Output:</h2>
*** Using Compiler 'V6.16', folder: 'D:\MDK5.36\ARM\ARMCLANG\Bin'
Rebuild target 'APP'
compiling croutine.c...
compiling port.c...
compiling stm32f1xx_hal_dma.c...
compiling heap_4.c...
compiling stm32f1xx_hal_rcc.c...
compiling stm32f1xx_hal.c...
compiling timers.c...
compiling stm32f1xx_hal_uart.c...
compiling stm32f1xx_hal_cortex.c...
compiling list.c...
compiling event_groups.c...
compiling stm32f1xx_hal_gpio_ex.c...
compiling stm32f1xx_hal_rcc_ex.c...
compiling tasks.c...
compiling queue.c...
compiling stm32f1xx_hal_gpio.c...
compiling stm32f1xx_hal_usart.c...
compiling stm32f1xx_hal_tim_ex.c...
compiling stm32f1xx_hal_tim.c...
compiling stm32f1xx_hal_flash_ex.c...
compiling stm32f1xx_hal_spi.c...
compiling stm32f1xx_hal_i2c.c...
compiling stm32f1xx_hal_can.c...
compiling stm32f1xx_hal_iwdg.c...
compiling stm32f1xx_hal_adc.c...
compiling stm32f1xx_hal_adc_ex.c...
compiling stm32f1xx_hal_flash.c...
compiling DevicesADC.c...
compiling DevicesLed.c...
compiling DevicesBeep.c...
assembling startup_stm32f103xe.s...
compiling DevicesTimer.c...
compiling DevicesTime.c...
compiling DevicesSoftTimer.c...
compiling DevicesUart.c...
compiling DevicesKey.c...
compiling DevicesQueue.c...
compiling DevicesDelay.c...
compiling DevicesModbus.c...
compiling DevicesRS485.c...
compiling DevicesCRC.c...
compiling DevicesAT24C02.c...
compiling DevicesCAN.c...
compiling DevicesSPI.c...
compiling DevicesIIC.c...
compiling DevicesSPIFlash.c...
compiling DevicesWatchDog.c...
compiling DevicesFlash.c...
compiling DriverLogPrintf.c...
compiling DriverModbus.c...
compiling DriverOTA.c...
compiling DriverUpgradePD.c...
compiling DriverBootloader.c...
compiling taskSystem.c...
compiling taskSensor.c...
compiling taskMonitor.c...
compiling taskControl.c...
compiling taskSoftTimer.c...
compiling taskMessageSlave.c...
compiling taskKey.c...
compiling main.c...
compiling taskOTA.c...
compiling stm32f1xx_it.c...
compiling userSystem.c...
compiling system_stm32f1xx.c...
compiling userMath.c...
compiling version.c...
linking...
Program Size: Code=37072 RO-data=904 RW-data=20 ZI-data=27828  
FromELF: creating hex file...
After Build - User command #1: D:\MDK5.36\\ARM\ARMCLANG\bin\fromelf.exe --bin --output=Bin\STM32F10x_Templates.bin .\Objects\STM32F10x_Templates.axf
After Build - User command #2: copy hex file.bat
D:\STM32F10x_Templates\Firmware\trunk\STM32F10x-Templates\Project>copy .\Objects\*.hex .\Bin 
.\Objects\STM32F10x_Templates.hex
已复制         1 个文件。
D:\STM32F10x_Templates\Firmware\trunk\STM32F10x-Templates\Project>?Bootloader 鍜?APP 鏂囦欢  
'?Bootloader' 不是内部或外部命令，也不是可运行的程序
或批处理文件。
D:\STM32F10x_Templates\Firmware\trunk\STM32F10x-Templates\Project>del .\Bin\Bootloader+APP.hex 
D:\STM32F10x_Templates\Firmware\trunk\STM32F10x-Templates\Project>copy /b ".\Bin\Boot_*.hex" + ".\Bin\parameter_M.hex" + ".\Bin\Bootloader_*.hex" + ".\Bin\STM32F10x_Templates.hex" ".\Bin\Bootloader+APP.hex" 
.\Bin\Boot_2026.hex
.\Bin\parameter_M.hex
.\Bin\Bootloader_2026.hex
.\Bin\STM32F10x_Templates.hex
已复制         1 个文件。
".\Objects\STM32F10x_Templates.axf" - 0 Error(s), 0 Warning(s).

<h2>Software Packages used:</h2>

Package Vendor: Keil
                http://www.keil.com/pack/Keil.STM32F1xx_DFP.2.3.0.pack
                Keil.STM32F1xx_DFP.2.3.0
                STMicroelectronics STM32F1 Series Device Support, Drivers and Examples

<h2>Collection of Component include folders:</h2>
  D:\MDK5.36\Packs\Keil\STM32F1xx_DFP\2.3.0\Device\Include

<h2>Collection of Component Files used:</h2>
Build Time Elapsed:  00:00:17
</pre>
</body>
</html>
